../Core/Src/main.c:87:6:HAL_TIM_IC_CaptureCallback	16	static
../Core/Src/main.c:121:6:Trigger_HCSR04	8	static
../Core/Src/main.c:126:6:Trigger_HCSR04Salida	8	static
../Core/Src/main.c:135:6:CalcularDistancia	4	static
../Core/Src/main.c:138:6:CalcularDistanciaSalida	4	static
../Core/Src/main.c:146:6:mover_motor	40	static
../Core/Src/main.c:166:5:main	8	static
../Core/Src/main.c:261:6:SystemClock_Config	88	static
../Core/Src/main.c:308:13:MX_ADC1_Init	24	static
../Core/Src/main.c:360:13:MX_TIM2_Init	64	static
../Core/Src/main.c:419:13:MX_TIM3_Init	48	static
../Core/Src/main.c:479:13:MX_DMA_Init	16	static
../Core/Src/main.c:497:13:MX_GPIO_Init	48	static
../Core/Src/main.c:561:6:Error_Handler	4	static,ignoring_inline_asm
